250411 15:27:24 [Note] Plugin 'FEDERATED' is disabled.
250411 15:27:25 InnoDB: The InnoDB memory heap is disabled
250411 15:27:25 InnoDB: Mutexes and rw_locks use Windows interlocked functions
250411 15:27:25 InnoDB: Compressed tables use zlib 1.2.3
250411 15:27:25 InnoDB: Initializing buffer pool, size = 128.0M
250411 15:27:25 InnoDB: Completed initialization of buffer pool
250411 15:27:25 InnoDB: highest supported file format is Barracuda.
InnoDB: The log sequence number in ibdata files does not match
InnoDB: the log sequence number in the ib_logfiles!
250411 15:27:25  InnoDB: Database was not shut down normally!
InnoDB: Starting crash recovery.
InnoDB: Reading tablespace information from the .ibd files...
InnoDB: Restoring possible half-written data pages from the doublewrite
InnoDB: buffer...
250411 15:27:29  InnoDB: Waiting for the background threads to start
250411 15:27:30 InnoDB: 1.1.8 started; log sequence number 4205812
250411 17:00:29 [Note] Plugin 'FEDERATED' is disabled.
250411 17:00:29 InnoDB: The InnoDB memory heap is disabled
250411 17:00:29 InnoDB: Mutexes and rw_locks use Windows interlocked functions
250411 17:00:29 InnoDB: Compressed tables use zlib 1.2.3
250411 17:00:29 InnoDB: Initializing buffer pool, size = 128.0M
250411 17:00:29 InnoDB: Completed initialization of buffer pool
250411 17:00:29 InnoDB: highest supported file format is Barracuda.
InnoDB: The log sequence number in ibdata files does not match
InnoDB: the log sequence number in the ib_logfiles!
250411 17:00:29  InnoDB: Database was not shut down normally!
InnoDB: Starting crash recovery.
InnoDB: Reading tablespace information from the .ibd files...
InnoDB: Restoring possible half-written data pages from the doublewrite
InnoDB: buffer...
250411 17:00:30  InnoDB: Waiting for the background threads to start
250411 17:00:31 InnoDB: 1.1.8 started; log sequence number 4212628
250412  7:53:20 [Note] Plugin 'FEDERATED' is disabled.
250412  7:53:21 InnoDB: The InnoDB memory heap is disabled
250412  7:53:21 InnoDB: Mutexes and rw_locks use Windows interlocked functions
250412  7:53:21 InnoDB: Compressed tables use zlib 1.2.3
250412  7:53:21 InnoDB: Initializing buffer pool, size = 128.0M
250412  7:53:21 InnoDB: Completed initialization of buffer pool
250412  7:53:21 InnoDB: highest supported file format is Barracuda.
InnoDB: The log sequence number in ibdata files does not match
InnoDB: the log sequence number in the ib_logfiles!
250412  7:53:21  InnoDB: Database was not shut down normally!
InnoDB: Starting crash recovery.
InnoDB: Reading tablespace information from the .ibd files...
InnoDB: Restoring possible half-written data pages from the doublewrite
InnoDB: buffer...
250412  7:53:45  InnoDB: Waiting for the background threads to start
250412  7:53:46 InnoDB: 1.1.8 started; log sequence number 4355215
250412 15:09:22 [Note] Plugin 'FEDERATED' is disabled.
250412 15:09:22 InnoDB: The InnoDB memory heap is disabled
250412 15:09:22 InnoDB: Mutexes and rw_locks use Windows interlocked functions
250412 15:09:22 InnoDB: Compressed tables use zlib 1.2.3
250412 15:09:22 InnoDB: Initializing buffer pool, size = 128.0M
250412 15:09:22 InnoDB: Completed initialization of buffer pool
250412 15:09:22 InnoDB: highest supported file format is Barracuda.
InnoDB: The log sequence number in ibdata files does not match
InnoDB: the log sequence number in the ib_logfiles!
250412 15:09:22  InnoDB: Database was not shut down normally!
InnoDB: Starting crash recovery.
InnoDB: Reading tablespace information from the .ibd files...
InnoDB: Restoring possible half-written data pages from the doublewrite
InnoDB: buffer...
250412 15:09:25  InnoDB: Waiting for the background threads to start
250412 15:09:26 InnoDB: 1.1.8 started; log sequence number 4384291
250412 15:09:30 [Note] Event Scheduler: Loaded 0 events
250412 15:09:30 [Note] C:\Users\Black\Desktop\Faculdade\Server/mysql/bin/mysqld_usbwv8.exe: ready for connections.
Version: '5.5.20'  socket: ''  port: 8080  MySQL Community Server (GPL)
