250328  8:57:54 [Note] Plugin 'FEDERATED' is disabled.
250328  8:57:54 InnoDB: The InnoDB memory heap is disabled
250328  8:57:54 InnoDB: Mutexes and rw_locks use Windows interlocked functions
250328  8:57:54 InnoDB: Compressed tables use zlib 1.2.3
250328  8:57:54 InnoDB: Initializing buffer pool, size = 128.0M
250328  8:57:54 InnoDB: Completed initialization of buffer pool
250328  8:57:54 InnoDB: highest supported file format is Barracuda.
InnoDB: The log sequence number in ibdata files does not match
InnoDB: the log sequence number in the ib_logfiles!
250328  8:57:54  InnoDB: Database was not shut down normally!
InnoDB: Starting crash recovery.
InnoDB: Reading tablespace information from the .ibd files...
InnoDB: Restoring possible half-written data pages from the doublewrite
InnoDB: buffer...
250328  8:57:54  InnoDB: Waiting for the background threads to start
250328  8:57:55 InnoDB: 1.1.8 started; log sequence number 4005122
250409 10:22:43 [Note] Plugin 'FEDERATED' is disabled.
250409 10:22:43 InnoDB: The InnoDB memory heap is disabled
250409 10:22:43 InnoDB: Mutexes and rw_locks use Windows interlocked functions
250409 10:22:43 InnoDB: Compressed tables use zlib 1.2.3
250409 10:22:43 InnoDB: Initializing buffer pool, size = 128.0M
250409 10:22:43 InnoDB: Completed initialization of buffer pool
250409 10:22:43 InnoDB: highest supported file format is Barracuda.
InnoDB: The log sequence number in ibdata files does not match
InnoDB: the log sequence number in the ib_logfiles!
250409 10:22:43  InnoDB: Database was not shut down normally!
InnoDB: Starting crash recovery.
InnoDB: Reading tablespace information from the .ibd files...
InnoDB: Restoring possible half-written data pages from the doublewrite
InnoDB: buffer...
250409 10:22:43  InnoDB: Waiting for the background threads to start
250409 10:22:44 InnoDB: 1.1.8 started; log sequence number 4009701
250411  8:20:04 [Note] Plugin 'FEDERATED' is disabled.
250411  8:20:04 InnoDB: The InnoDB memory heap is disabled
250411  8:20:04 InnoDB: Mutexes and rw_locks use Windows interlocked functions
250411  8:20:04 InnoDB: Compressed tables use zlib 1.2.3
250411  8:20:04 InnoDB: Initializing buffer pool, size = 128.0M
250411  8:20:04 InnoDB: Completed initialization of buffer pool
250411  8:20:04 InnoDB: highest supported file format is Barracuda.
InnoDB: The log sequence number in ibdata files does not match
InnoDB: the log sequence number in the ib_logfiles!
250411  8:20:04  InnoDB: Database was not shut down normally!
InnoDB: Starting crash recovery.
InnoDB: Reading tablespace information from the .ibd files...
InnoDB: Restoring possible half-written data pages from the doublewrite
InnoDB: buffer...
250411  8:20:04  InnoDB: Waiting for the background threads to start
250411  8:20:05 InnoDB: 1.1.8 started; log sequence number 4044151
250411  9:09:19 [Note] Plugin 'FEDERATED' is disabled.
250411  9:09:19 InnoDB: The InnoDB memory heap is disabled
250411  9:09:19 InnoDB: Mutexes and rw_locks use Windows interlocked functions
250411  9:09:19 InnoDB: Compressed tables use zlib 1.2.3
250411  9:09:19 InnoDB: Initializing buffer pool, size = 128.0M
250411  9:09:19 InnoDB: Completed initialization of buffer pool
250411  9:09:19 InnoDB: highest supported file format is Barracuda.
InnoDB: The log sequence number in ibdata files does not match
InnoDB: the log sequence number in the ib_logfiles!
250411  9:09:19  InnoDB: Database was not shut down normally!
InnoDB: Starting crash recovery.
InnoDB: Reading tablespace information from the .ibd files...
InnoDB: Restoring possible half-written data pages from the doublewrite
InnoDB: buffer...
250411  9:09:19  InnoDB: Waiting for the background threads to start
250411  9:09:20 InnoDB: 1.1.8 started; log sequence number 4198378
250411  9:27:02 [Note] Plugin 'FEDERATED' is disabled.
250411  9:27:02 InnoDB: The InnoDB memory heap is disabled
250411  9:27:02 InnoDB: Mutexes and rw_locks use Windows interlocked functions
250411  9:27:02 InnoDB: Compressed tables use zlib 1.2.3
250411  9:27:02 InnoDB: Initializing buffer pool, size = 128.0M
250411  9:27:02 InnoDB: Completed initialization of buffer pool
250411  9:27:02 InnoDB: highest supported file format is Barracuda.
InnoDB: The log sequence number in ibdata files does not match
InnoDB: the log sequence number in the ib_logfiles!
250411  9:27:02  InnoDB: Database was not shut down normally!
InnoDB: Starting crash recovery.
InnoDB: Reading tablespace information from the .ibd files...
InnoDB: Restoring possible half-written data pages from the doublewrite
InnoDB: buffer...
250411  9:27:02  InnoDB: Waiting for the background threads to start
250411  9:27:03 InnoDB: 1.1.8 started; log sequence number 4198378
250411  9:43:30 [Note] Plugin 'FEDERATED' is disabled.
250411  9:43:30 InnoDB: The InnoDB memory heap is disabled
250411  9:43:30 InnoDB: Mutexes and rw_locks use Windows interlocked functions
250411  9:43:30 InnoDB: Compressed tables use zlib 1.2.3
250411  9:43:30 InnoDB: Initializing buffer pool, size = 128.0M
250411  9:43:30 InnoDB: Completed initialization of buffer pool
250411  9:43:30 InnoDB: highest supported file format is Barracuda.
InnoDB: The log sequence number in ibdata files does not match
InnoDB: the log sequence number in the ib_logfiles!
250411  9:43:30  InnoDB: Database was not shut down normally!
InnoDB: Starting crash recovery.
InnoDB: Reading tablespace information from the .ibd files...
InnoDB: Restoring possible half-written data pages from the doublewrite
InnoDB: buffer...
250411  9:43:30  InnoDB: Waiting for the background threads to start
250411  9:43:31 InnoDB: 1.1.8 started; log sequence number 4198378
250411 10:05:27 [Note] Plugin 'FEDERATED' is disabled.
250411 10:05:27 InnoDB: The InnoDB memory heap is disabled
250411 10:05:27 InnoDB: Mutexes and rw_locks use Windows interlocked functions
250411 10:05:27 InnoDB: Compressed tables use zlib 1.2.3
250411 10:05:27 InnoDB: Initializing buffer pool, size = 128.0M
250411 10:05:27 InnoDB: Completed initialization of buffer pool
250411 10:05:27 InnoDB: highest supported file format is Barracuda.
InnoDB: The log sequence number in ibdata files does not match
InnoDB: the log sequence number in the ib_logfiles!
250411 10:05:27  InnoDB: Database was not shut down normally!
InnoDB: Starting crash recovery.
InnoDB: Reading tablespace information from the .ibd files...
InnoDB: Restoring possible half-written data pages from the doublewrite
InnoDB: buffer...
250411 10:05:28  InnoDB: Waiting for the background threads to start
250411 10:05:29 InnoDB: 1.1.8 started; log sequence number 4198720
