::1 - - [24/Apr/2025:08:48:13 -0300] "GET /phpmyadmin/ HTTP/1.1" 200 7574
::1 - - [24/Apr/2025:08:48:13 -0300] "GET /phpmyadmin/js/cross_framing_protection.js?ts=1744630679 HTTP/1.1" 304 -
::1 - - [24/Apr/2025:08:48:13 -0300] "GET /phpmyadmin/js/update-location.js?ts=1744630679 HTTP/1.1" 304 -
::1 - - [24/Apr/2025:08:48:13 -0300] "GET /phpmyadmin/js/functions.js?ts=1744630679 HTTP/1.1" 304 -
::1 - - [24/Apr/2025:08:48:13 -0300] "GET /phpmyadmin/js/jquery/jquery-1.4.4.js?ts=1744630679 HTTP/1.1" 304 -
::1 - - [24/Apr/2025:08:48:13 -0300] "GET /phpmyadmin/js/jquery/jquery.qtip-1.0.0.min.js?ts=1744630679 HTTP/1.1" 304 -
::1 - - [24/Apr/2025:08:48:13 -0300] "GET /phpmyadmin/themes/pmahomme/jquery/jquery-ui-1.8.custom.css HTTP/1.1" 304 -
::1 - - [24/Apr/2025:08:48:13 -0300] "GET /phpmyadmin/themes/pmahomme/img/logo_right.png HTTP/1.1" 304 -
::1 - - [24/Apr/2025:08:48:13 -0300] "GET /phpmyadmin/phpmyadmin.css.php?server=1&token=9cc528196e86431054910ca480814ba0&js_frame=right&nocache=5233892425 HTTP/1.1" 200 43718
::1 - - [24/Apr/2025:08:48:13 -0300] "GET /phpmyadmin/themes/pmahomme/img/b_help.png HTTP/1.1" 304 -
::1 - - [24/Apr/2025:08:48:13 -0300] "GET /phpmyadmin/print.css HTTP/1.1" 304 -
::1 - - [24/Apr/2025:08:48:13 -0300] "GET /phpmyadmin/js/messages.php?lang=pt_BR&db=&token=9cc528196e86431054910ca480814ba0 HTTP/1.1" 200 5256
::1 - - [24/Apr/2025:08:48:13 -0300] "GET /phpmyadmin/themes/pmahomme/img/input_bg.gif HTTP/1.1" 304 -
::1 - - [24/Apr/2025:08:48:13 -0300] "GET /phpmyadmin/favicon.ico HTTP/1.1" 200 18902
::1 - - [24/Apr/2025:08:48:15 -0300] "POST /phpmyadmin/index.php HTTP/1.1" 302 -
::1 - - [24/Apr/2025:08:48:15 -0300] "GET /phpmyadmin/index.php?token=9cc528196e86431054910ca480814ba0 HTTP/1.1" 200 2685
::1 - - [24/Apr/2025:08:48:15 -0300] "GET /phpmyadmin/js/common.js?ts=1744630679 HTTP/1.1" 304 -
::1 - - [24/Apr/2025:08:48:15 -0300] "GET /phpmyadmin/navigation.php?token=9cc528196e86431054910ca480814ba0 HTTP/1.1" 200 5157
::1 - - [24/Apr/2025:08:48:15 -0300] "GET /phpmyadmin/js/jquery/jquery-1.4.4.js HTTP/1.1" 304 -
::1 - - [24/Apr/2025:08:48:15 -0300] "GET /phpmyadmin/js/functions.js HTTP/1.1" 304 -
::1 - - [24/Apr/2025:08:48:15 -0300] "GET /phpmyadmin/js/navigation.js HTTP/1.1" 304 -
::1 - - [24/Apr/2025:08:48:15 -0300] "GET /phpmyadmin/themes/pmahomme/img/logo_left.png HTTP/1.1" 304 -
::1 - - [24/Apr/2025:08:48:15 -0300] "GET /phpmyadmin/themes/pmahomme/img/s_reload.png HTTP/1.1" 304 -
::1 - - [24/Apr/2025:08:48:15 -0300] "GET /phpmyadmin/themes/pmahomme/img/b_home.png HTTP/1.1" 304 -
::1 - - [24/Apr/2025:08:48:15 -0300] "GET /phpmyadmin/themes/pmahomme/img/s_loggoff.png HTTP/1.1" 304 -
::1 - - [24/Apr/2025:08:48:15 -0300] "GET /phpmyadmin/themes/pmahomme/img/b_selboard.png HTTP/1.1" 304 -
::1 - - [24/Apr/2025:08:48:15 -0300] "GET /phpmyadmin/themes/pmahomme/img/b_docs.png HTTP/1.1" 304 -
::1 - - [24/Apr/2025:08:48:15 -0300] "GET /phpmyadmin/themes/pmahomme/img/b_sqlhelp.png HTTP/1.1" 304 -
::1 - - [24/Apr/2025:08:48:15 -0300] "GET /phpmyadmin/js/jquery/jquery.sprintf.js?ts=1744630679 HTTP/1.1" 304 -
::1 - - [24/Apr/2025:08:48:15 -0300] "GET /phpmyadmin/js/jquery/jquery-ui-1.8.custom.js?ts=1744630679 HTTP/1.1" 304 -
::1 - - [24/Apr/2025:08:48:15 -0300] "GET /phpmyadmin/js/config.js?ts=1744630679 HTTP/1.1" 304 -
::1 - - [24/Apr/2025:08:48:15 -0300] "GET /phpmyadmin/main.php?token=9cc528196e86431054910ca480814ba0 HTTP/1.1" 200 42325
::1 - - [24/Apr/2025:08:48:15 -0300] "GET /phpmyadmin/themes/pmahomme/img/window-new.png HTTP/1.1" 304 -
::1 - - [24/Apr/2025:08:48:15 -0300] "GET /phpmyadmin/themes/pmahomme/img/s_host.png HTTP/1.1" 304 -
::1 - - [24/Apr/2025:08:48:15 -0300] "GET /phpmyadmin/themes/pmahomme/img/s_db.png HTTP/1.1" 304 -
::1 - - [24/Apr/2025:08:48:15 -0300] "GET /phpmyadmin/themes/pmahomme/img/b_sql.png HTTP/1.1" 304 -
::1 - - [24/Apr/2025:08:48:15 -0300] "GET /phpmyadmin/themes/pmahomme/img/s_status.png HTTP/1.1" 304 -
::1 - - [24/Apr/2025:08:48:15 -0300] "GET /phpmyadmin/themes/pmahomme/img/s_process.png HTTP/1.1" 304 -
::1 - - [24/Apr/2025:08:48:15 -0300] "GET /phpmyadmin/themes/pmahomme/img/s_rights.png HTTP/1.1" 304 -
::1 - - [24/Apr/2025:08:48:15 -0300] "GET /phpmyadmin/themes/pmahomme/img/b_export.png HTTP/1.1" 304 -
::1 - - [24/Apr/2025:08:48:15 -0300] "GET /phpmyadmin/themes/pmahomme/img/b_import.png HTTP/1.1" 304 -
::1 - - [24/Apr/2025:08:48:15 -0300] "GET /phpmyadmin/themes/pmahomme/img/s_vars.png HTTP/1.1" 304 -
::1 - - [24/Apr/2025:08:48:15 -0300] "GET /phpmyadmin/themes/pmahomme/img/s_asci.png HTTP/1.1" 304 -
::1 - - [24/Apr/2025:08:48:15 -0300] "GET /phpmyadmin/themes/pmahomme/img/b_engine.png HTTP/1.1" 304 -
::1 - - [24/Apr/2025:08:48:15 -0300] "GET /phpmyadmin/themes/pmahomme/img/s_replication.png HTTP/1.1" 304 -
::1 - - [24/Apr/2025:08:48:15 -0300] "GET /phpmyadmin/themes/pmahomme/img/s_sync.png HTTP/1.1" 304 -
::1 - - [24/Apr/2025:08:48:15 -0300] "GET /phpmyadmin/phpmyadmin.css.php?token=9cc528196e86431054910ca480814ba0&js_frame=left&nocache=6979387720 HTTP/1.1" 200 6147
::1 - - [24/Apr/2025:08:48:15 -0300] "GET /phpmyadmin/themes/pmahomme/img/b_tblops.png HTTP/1.1" 304 -
::1 - - [24/Apr/2025:08:48:15 -0300] "GET /phpmyadmin/themes/pmahomme/img/database.png HTTP/1.1" 304 -
::1 - - [24/Apr/2025:08:48:15 -0300] "GET /phpmyadmin/themes/pmahomme/img/left_nav_bg.png HTTP/1.1" 304 -
::1 - - [24/Apr/2025:08:48:15 -0300] "GET /phpmyadmin/phpmyadmin.css.php?server=1&token=9cc528196e86431054910ca480814ba0&js_frame=right&nocache=6979387720 HTTP/1.1" 200 43718
::1 - - [24/Apr/2025:08:48:15 -0300] "GET /phpmyadmin/themes/pmahomme/img/s_passwd.png HTTP/1.1" 304 -
::1 - - [24/Apr/2025:08:48:15 -0300] "GET /phpmyadmin/themes/pmahomme/img/tab_bg.png HTTP/1.1" 304 -
::1 - - [24/Apr/2025:08:48:15 -0300] "GET /phpmyadmin/themes/pmahomme/img/s_lang.png HTTP/1.1" 304 -
::1 - - [24/Apr/2025:08:48:15 -0300] "GET /phpmyadmin/themes/pmahomme/img/s_notice.png HTTP/1.1" 304 -
::1 - - [24/Apr/2025:08:48:15 -0300] "GET /phpmyadmin/themes/pmahomme/img/s_theme.png HTTP/1.1" 304 -
::1 - - [24/Apr/2025:08:48:15 -0300] "GET /phpmyadmin/themes/pmahomme/img/b_more.png HTTP/1.1" 304 -
::1 - - [24/Apr/2025:08:48:20 -0300] "GET /phpmyadmin/index.php?db=pastelaria&token=9cc528196e86431054910ca480814ba0 HTTP/1.1" 200 2739
::1 - - [24/Apr/2025:08:48:20 -0300] "GET /phpmyadmin/js/db_structure.js?ts=1744630679 HTTP/1.1" 304 -
::1 - - [24/Apr/2025:08:48:20 -0300] "GET /phpmyadmin/themes/pmahomme/img/item_ltr.png HTTP/1.1" 304 -
::1 - - [24/Apr/2025:08:48:20 -0300] "GET /phpmyadmin/themes/pmahomme/img/b_props.png HTTP/1.1" 304 -
::1 - - [24/Apr/2025:08:48:20 -0300] "GET /phpmyadmin/themes/pmahomme/img/b_search.png HTTP/1.1" 304 -
::1 - - [24/Apr/2025:08:48:20 -0300] "GET /phpmyadmin/themes/pmahomme/img/s_asc.png HTTP/1.1" 304 -
::1 - - [24/Apr/2025:08:48:20 -0300] "GET /phpmyadmin/db_structure.php?token=9cc528196e86431054910ca480814ba0&db=pastelaria HTTP/1.1" 200 37382
::1 - - [24/Apr/2025:08:48:20 -0300] "GET /phpmyadmin/themes/pmahomme/img/b_browse.png HTTP/1.1" 304 -
::1 - - [24/Apr/2025:08:48:20 -0300] "GET /phpmyadmin/themes/pmahomme/img/b_select.png HTTP/1.1" 304 -
::1 - - [24/Apr/2025:08:48:20 -0300] "GET /phpmyadmin/themes/pmahomme/img/b_insrow.png HTTP/1.1" 304 -
::1 - - [24/Apr/2025:08:48:20 -0300] "GET /phpmyadmin/themes/pmahomme/img/b_empty.png HTTP/1.1" 304 -
::1 - - [24/Apr/2025:08:48:20 -0300] "GET /phpmyadmin/themes/pmahomme/img/b_drop.png HTTP/1.1" 304 -
::1 - - [24/Apr/2025:08:48:20 -0300] "GET /phpmyadmin/themes/pmahomme/img/arrow_ltr.png HTTP/1.1" 304 -
::1 - - [24/Apr/2025:08:48:20 -0300] "GET /phpmyadmin/themes/pmahomme/img/b_print.png HTTP/1.1" 304 -
::1 - - [24/Apr/2025:08:48:20 -0300] "GET /phpmyadmin/themes/pmahomme/img/b_tblanalyse.png HTTP/1.1" 304 -
::1 - - [24/Apr/2025:08:48:20 -0300] "GET /phpmyadmin/themes/pmahomme/img/b_newtbl.png HTTP/1.1" 304 -
::1 - - [24/Apr/2025:08:48:20 -0300] "GET /phpmyadmin/navigation.php?token=9cc528196e86431054910ca480814ba0&db=pastelaria HTTP/1.1" 200 9469
::1 - - [24/Apr/2025:08:48:20 -0300] "GET /phpmyadmin/themes/pmahomme/img/b_sbrowse.png HTTP/1.1" 304 -
::1 - - [24/Apr/2025:08:48:20 -0300] "GET /phpmyadmin/themes/pmahomme/img/b_snewtbl.png HTTP/1.1" 304 -
::1 - - [24/Apr/2025:08:48:20 -0300] "GET /phpmyadmin/js/messages.php?lang=pt_BR&db=pastelaria&token=9cc528196e86431054910ca480814ba0 HTTP/1.1" 200 5266
::1 - - [24/Apr/2025:08:48:21 -0300] "GET /phpmyadmin/themes/pmahomme/img/marked_bg.png HTTP/1.1" 304 -
::1 - - [24/Apr/2025:08:48:23 -0300] "GET /phpmyadmin/js/pMap.js?ts=1744630679 HTTP/1.1" 304 -
::1 - - [24/Apr/2025:08:48:23 -0300] "GET /phpmyadmin/js/sql.js?ts=1744630679 HTTP/1.1" 304 -
::1 - - [24/Apr/2025:08:48:23 -0300] "GET /phpmyadmin/themes/pmahomme/img/s_tbl.png HTTP/1.1" 304 -
::1 - - [24/Apr/2025:08:48:23 -0300] "GET /phpmyadmin/themes/pmahomme/img/b_tblexport.png HTTP/1.1" 304 -
::1 - - [24/Apr/2025:08:48:23 -0300] "GET /phpmyadmin/themes/pmahomme/img/b_tblimport.png HTTP/1.1" 304 -
::1 - - [24/Apr/2025:08:48:23 -0300] "GET /phpmyadmin/themes/pmahomme/img/s_fulltext.png HTTP/1.1" 304 -
::1 - - [24/Apr/2025:08:48:23 -0300] "GET /phpmyadmin/themes/pmahomme/img/b_chart.png HTTP/1.1" 304 -
::1 - - [24/Apr/2025:08:48:23 -0300] "GET /phpmyadmin/themes/pmahomme/img/b_edit.png HTTP/1.1" 304 -
::1 - - [24/Apr/2025:08:48:23 -0300] "GET /phpmyadmin/themes/pmahomme/img/b_views.png HTTP/1.1" 304 -
::1 - - [24/Apr/2025:08:48:23 -0300] "GET /phpmyadmin/sql.php?db=pastelaria&token=9cc528196e86431054910ca480814ba0&goto=db_structure.php&table=categoria&pos=0 HTTP/1.1" 200 28457
::1 - - [24/Apr/2025:08:48:23 -0300] "GET /phpmyadmin/themes/pmahomme/img/s_success.png HTTP/1.1" 304 -
::1 - - [24/Apr/2025:08:48:23 -0300] "GET /phpmyadmin/themes/pmahomme/img/b_inline_edit.png HTTP/1.1" 304 -
::1 - - [24/Apr/2025:08:48:26 -0300] "GET /phpmyadmin/sql.php?db=pastelaria&token=9cc528196e86431054910ca480814ba0&table=cliente&pos=0 HTTP/1.1" 200 40541
::1 - - [24/Apr/2025:08:48:47 -0300] "GET /phpmyadmin/sql.php?db=pastelaria&token=9cc528196e86431054910ca480814ba0&table=funcionario&pos=0 HTTP/1.1" 200 27976
::1 - - [24/Apr/2025:08:48:49 -0300] "GET /phpmyadmin/sql.php?db=pastelaria&token=9cc528196e86431054910ca480814ba0&table=funcionario_pedido&pos=0 HTTP/1.1" 200 32757
::1 - - [24/Apr/2025:08:48:50 -0300] "GET /phpmyadmin/sql.php?db=pastelaria&token=9cc528196e86431054910ca480814ba0&table=funcionario&pos=0 HTTP/1.1" 200 27976
::1 - - [24/Apr/2025:08:48:51 -0300] "GET /phpmyadmin/sql.php?db=pastelaria&token=9cc528196e86431054910ca480814ba0&table=item_pedido&pos=0 HTTP/1.1" 200 34935
::1 - - [24/Apr/2025:08:48:54 -0300] "GET /phpmyadmin/sql.php?db=pastelaria&token=9cc528196e86431054910ca480814ba0&table=cliente&pos=0 HTTP/1.1" 200 40541
::1 - - [24/Apr/2025:08:49:02 -0300] "GET /phpmyadmin/sql.php?db=pastelaria&token=9cc528196e86431054910ca480814ba0&table=funcionario_pedido&pos=0 HTTP/1.1" 200 32757
::1 - - [24/Apr/2025:08:49:04 -0300] "GET /phpmyadmin/sql.php?db=pastelaria&token=9cc528196e86431054910ca480814ba0&table=item_pedido&pos=0 HTTP/1.1" 200 34935
::1 - - [24/Apr/2025:08:49:07 -0300] "GET /phpmyadmin/sql.php?db=pastelaria&token=9cc528196e86431054910ca480814ba0&table=pagamento&pos=0 HTTP/1.1" 200 28024
::1 - - [24/Apr/2025:08:49:11 -0300] "GET /phpmyadmin/sql.php?db=pastelaria&token=9cc528196e86431054910ca480814ba0&table=pedido&pos=0 HTTP/1.1" 200 27611
::1 - - [24/Apr/2025:08:49:17 -0300] "GET /phpmyadmin/sql.php?db=pastelaria&token=9cc528196e86431054910ca480814ba0&table=produto&pos=0 HTTP/1.1" 200 34213
::1 - - [24/Apr/2025:08:49:35 -0300] "GET /phpmyadmin/themes/pmahomme/img/tab_hover_bg.png HTTP/1.1" 304 -
::1 - - [24/Apr/2025:08:49:36 -0300] "GET /phpmyadmin/db_structure.php?db=pastelaria&token=9cc528196e86431054910ca480814ba0 HTTP/1.1" 200 37382
::1 - - [24/Apr/2025:08:49:36 -0300] "GET /phpmyadmin/navigation.php?server=1&token=9cc528196e86431054910ca480814ba0&db=pastelaria&table=&lang=pt_BR&collation_connection=utf8_general_ci HTTP/1.1" 200 9469
::1 - - [24/Apr/2025:08:49:40 -0300] "GET /phpmyadmin/js/db_operations.js?ts=1744630679 HTTP/1.1" 200 1925
::1 - - [24/Apr/2025:08:49:40 -0300] "GET /phpmyadmin/db_operations.php?db=pastelaria&server=1&token=9cc528196e86431054910ca480814ba0 HTTP/1.1" 200 38436
::1 - - [24/Apr/2025:08:49:40 -0300] "GET /phpmyadmin/themes/pmahomme/img/b_deltbl.png HTTP/1.1" 200 660
::1 - - [24/Apr/2025:08:49:43 -0300] "GET /phpmyadmin/db_export.php?db=pastelaria&server=1&token=9cc528196e86431054910ca480814ba0 HTTP/1.1" 200 39477
::1 - - [24/Apr/2025:08:49:43 -0300] "GET /phpmyadmin/js/export.js?ts=1744630679 HTTP/1.1" 304 -
::1 - - [24/Apr/2025:08:49:45 -0300] "POST /phpmyadmin/export.php HTTP/1.1" 200 8426
::1 - - [24/Apr/2025:09:10:57 -0300] "GET /Terca/pastelaria/admin.php HTTP/1.1" 404 224
::1 - - [24/Apr/2025:09:10:57 -0300] "GET /favicon.ico HTTP/1.1" 404 209
::1 - - [24/Apr/2025:09:11:06 -0300] "GET /lisvros/1 HTTP/1.1" 404 207
::1 - - [24/Apr/2025:09:11:12 -0300] "GET /livros/1 HTTP/1.1" 404 206
::1 - - [24/Apr/2025:09:12:59 -0300] "GET /livros/1 HTTP/1.1" 404 206
::1 - - [24/Apr/2025:09:12:59 -0300] "GET /livros/1 HTTP/1.1" 404 206
::1 - - [24/Apr/2025:09:13:00 -0300] "GET /livros/1 HTTP/1.1" 404 206
::1 - - [24/Apr/2025:09:23:48 -0300] "GET /livros HTTP/1.1" 404 204
::1 - - [24/Apr/2025:09:25:19 -0300] "GET /phpmyadmin/index.php?db=pastelaria&token=9cc528196e86431054910ca480814ba0 HTTP/1.1" 200 7790
::1 - - [24/Apr/2025:09:25:38 -0300] "GET /phpmyadmin/index.php?db=pastelaria&token=9cc528196e86431054910ca480814ba0 HTTP/1.1" 200 7646
::1 - - [24/Apr/2025:09:25:39 -0300] "GET /favicon.ico HTTP/1.1" 404 209
::1 - - [24/Apr/2025:09:25:39 -0300] "GET /phpmyadmin/js/messages.php?lang=pt_BR&db=pastelaria&token=4626a89b35d81710505eb26d35dcef55 HTTP/1.1" 200 5266
::1 - - [24/Apr/2025:09:25:39 -0300] "GET /phpmyadmin/phpmyadmin.css.php?server=1&token=4626a89b35d81710505eb26d35dcef55&js_frame=right&nocache=5233892425 HTTP/1.1" 200 43718
::1 - - [24/Apr/2025:09:25:48 -0300] "GET /livros HTTP/1.1" 404 204
::1 - - [24/Apr/2025:09:26:38 -0300] "GET /livros HTTP/1.1" 404 204
::1 - - [24/Apr/2025:09:26:39 -0300] "GET /livros HTTP/1.1" 404 204
::1 - - [24/Apr/2025:09:26:39 -0300] "GET /livros HTTP/1.1" 404 204
::1 - - [24/Apr/2025:09:26:39 -0300] "GET /livros HTTP/1.1" 404 204
::1 - - [24/Apr/2025:09:26:39 -0300] "GET /livros HTTP/1.1" 404 204
::1 - - [24/Apr/2025:09:26:40 -0300] "GET /livros HTTP/1.1" 404 204
::1 - - [24/Apr/2025:09:26:40 -0300] "GET /livros HTTP/1.1" 404 204
::1 - - [24/Apr/2025:09:26:40 -0300] "GET /livros HTTP/1.1" 404 204
